[ 2025-04-21 16:57:40,458 | INFO  ] - 

Logging setup complete

 (@api->core.py:57)
[ 2025-04-21 16:57:40,469 | INFO  ] - API instance created.
 (@api->main.py:35)
[ 2025-04-21 16:57:40,471 | WARNING ] - API documentation is enabled: [bold red]Disable in production[/bold red] (@api->main.py:41)
[ 2025-04-21 16:57:40,471 | INFO  ] - Adding middleware to API... (@api->main.py:52)
[ 2025-04-21 16:57:40,471 | INFO  ] - 
Middleware setup complete, adding exception handlers to API
 (@api->main.py:56)
[ 2025-04-21 16:57:40,476 | INFO  ] - Exception handlers setup complete, initializing API routes.
 (@api->main.py:61)
[ 2025-04-21 16:58:28,736 | INFO  ] - 

Logging setup complete

 (@api->core.py:57)
[ 2025-04-21 16:58:28,744 | INFO  ] - API instance created.
 (@api->main.py:35)
[ 2025-04-21 16:58:28,746 | WARNING ] - API documentation is enabled: [bold red]Disable in production[/bold red] (@api->main.py:41)
[ 2025-04-21 16:58:28,748 | INFO  ] - Adding middleware to API... (@api->main.py:52)
[ 2025-04-21 16:58:28,749 | INFO  ] - 
Middleware setup complete, adding exception handlers to API
 (@api->main.py:56)
[ 2025-04-21 16:58:28,749 | INFO  ] - Exception handlers setup complete, initializing API routes.
 (@api->main.py:61)
[ 2025-04-21 16:58:56,945 | INFO  ] - 

Logging setup complete

 (@api->core.py:57)
[ 2025-04-21 16:58:56,955 | INFO  ] - API instance created.
 (@api->main.py:35)
[ 2025-04-21 16:58:56,955 | WARNING ] - API documentation is enabled: [bold red]Disable in production[/bold red] (@api->main.py:41)
[ 2025-04-21 16:58:56,961 | INFO  ] - Adding middleware to API... (@api->main.py:52)
[ 2025-04-21 16:58:56,963 | INFO  ] - 
Middleware setup complete, adding exception handlers to API
 (@api->main.py:56)
[ 2025-04-21 16:58:56,965 | INFO  ] - Exception handlers setup complete, initializing API routes.
 (@api->main.py:61)
[ 2025-04-21 16:59:28,867 | INFO  ] - 

Logging setup complete

 (@api->core.py:57)
[ 2025-04-21 16:59:28,884 | INFO  ] - API instance created.
 (@api->main.py:35)
[ 2025-04-21 16:59:28,886 | WARNING ] - API documentation is enabled: [bold red]Disable in production[/bold red] (@api->main.py:41)
[ 2025-04-21 16:59:28,887 | INFO  ] - Adding middleware to API... (@api->main.py:52)
[ 2025-04-21 16:59:28,888 | INFO  ] - 
Middleware setup complete, adding exception handlers to API
 (@api->main.py:56)
[ 2025-04-21 16:59:28,890 | INFO  ] - Exception handlers setup complete, initializing API routes.
 (@api->main.py:61)
[ 2025-04-21 16:59:51,684 | INFO  ] - 

Logging setup complete

 (@api->core.py:57)
[ 2025-04-21 16:59:51,701 | INFO  ] - API instance created.
 (@api->main.py:35)
[ 2025-04-21 16:59:51,705 | WARNING ] - API documentation is enabled: [bold red]Disable in production[/bold red] (@api->main.py:41)
[ 2025-04-21 16:59:51,707 | INFO  ] - Adding middleware to API... (@api->main.py:52)
[ 2025-04-21 16:59:51,709 | INFO  ] - 
Middleware setup complete, adding exception handlers to API
 (@api->main.py:56)
[ 2025-04-21 16:59:51,712 | INFO  ] - Exception handlers setup complete, initializing API routes.
 (@api->main.py:61)
[ 2025-04-21 17:00:42,599 | INFO  ] - 

Logging setup complete

 (@api->core.py:57)
[ 2025-04-21 17:00:42,605 | INFO  ] - API instance created.
 (@api->main.py:35)
[ 2025-04-21 17:00:42,605 | WARNING ] - API documentation is enabled: [bold red]Disable in production[/bold red] (@api->main.py:41)
[ 2025-04-21 17:00:42,615 | INFO  ] - Adding middleware to API... (@api->main.py:52)
[ 2025-04-21 17:00:42,615 | INFO  ] - 
Middleware setup complete, adding exception handlers to API
 (@api->main.py:56)
[ 2025-04-21 17:00:42,618 | INFO  ] - Exception handlers setup complete, initializing API routes.
 (@api->main.py:61)
[ 2025-04-21 17:01:02,141 | INFO  ] - 

Logging setup complete

 (@api->core.py:57)
[ 2025-04-21 17:01:02,151 | INFO  ] - API instance created.
 (@api->main.py:35)
[ 2025-04-21 17:01:02,165 | WARNING ] - API documentation is enabled: [bold red]Disable in production[/bold red] (@api->main.py:41)
[ 2025-04-21 17:01:02,171 | INFO  ] - Adding middleware to API... (@api->main.py:52)
[ 2025-04-21 17:01:02,177 | INFO  ] - 
Middleware setup complete, adding exception handlers to API
 (@api->main.py:56)
[ 2025-04-21 17:01:02,184 | INFO  ] - Exception handlers setup complete, initializing API routes.
 (@api->main.py:61)
[ 2025-04-21 17:01:03,327 | INFO  ] - API routes initialized, API setup complete.
 (@api->main.py:65)
[ 2025-04-21 17:01:05,133 | INFO  ] - 

Logging setup complete

 (@api->core.py:57)
[ 2025-04-21 17:01:05,149 | INFO  ] - API instance created.
 (@api->main.py:35)
[ 2025-04-21 17:01:05,149 | WARNING ] - API documentation is enabled: [bold red]Disable in production[/bold red] (@api->main.py:41)
[ 2025-04-21 17:01:05,159 | INFO  ] - Adding middleware to API... (@api->main.py:52)
[ 2025-04-21 17:01:05,163 | INFO  ] - 
Middleware setup complete, adding exception handlers to API
 (@api->main.py:56)
[ 2025-04-21 17:01:05,167 | INFO  ] - Exception handlers setup complete, initializing API routes.
 (@api->main.py:61)
[ 2025-04-21 17:01:06,189 | INFO  ] - API routes initialized, API setup complete.
 (@api->main.py:65)
[ 2025-04-21 17:01:32,837 | INFO  ] - Inbound HTTP GET Request @/docs from client 127.0.0.1 (request_id=306c2222-5b78-45a5-93c7-96b0c87b46ce) (@api.requests->request_logger.py:45)
[ 2025-04-21 17:01:32,840 | INFO  ] - The API responsed to request unknown in [italic]0.003s[/italic] with a HTTP [bold]200[/bold] to the client. (@api.requests->request_logger.py:54)
[ 2025-04-21 17:01:33,025 | INFO  ] - Inbound HTTP GET Request @/openapi.json from client 127.0.0.1 (request_id=5240424d-289d-4bbd-84f4-075ddcb59f24) (@api.requests->request_logger.py:45)
[ 2025-04-21 17:01:33,062 | INFO  ] - The API responsed to request unknown in [italic]0.036s[/italic] with a HTTP [bold]200[/bold] to the client. (@api.requests->request_logger.py:54)
[ 2025-04-21 17:01:48,720 | INFO  ] - Inbound HTTP POST Request @/auth/ from client 127.0.0.1 (request_id=d092cdeb-35d2-4f3e-a9fe-983c33f56443) (@api.requests->request_logger.py:45)
[ 2025-04-21 17:01:49,227 | WARNING ] - HTTP Error 406 | @/auth/ [POST] - The user provided an invalid redis key which was rejected due to injection concerns. (@api.middleware->exc_handlers.py:42)
Traceback (most recent call last):
  File "C:\Users\Beast\Desktop\Work\projs\range_monitor_api\range_mon_2\cyber-range-monitor-v-2\backend\.venv\Lib\site-packages\starlette\_exception_handler.py", line 42, in wrapped_app
    await app(scope, receive, sender)
  File "C:\Users\Beast\Desktop\Work\projs\range_monitor_api\range_mon_2\cyber-range-monitor-v-2\backend\.venv\Lib\site-packages\starlette\routing.py", line 73, in app
    response = await f(request)
               ^^^^^^^^^^^^^^^^
  File "C:\Users\Beast\Desktop\Work\projs\range_monitor_api\range_mon_2\cyber-range-monitor-v-2\backend\.venv\Lib\site-packages\fastapi\routing.py", line 301, in app
    raw_response = await run_endpoint_function(
                   ^^^^^^^^^^^^^^^^^^^^^^^^^^^^
  File "C:\Users\Beast\Desktop\Work\projs\range_monitor_api\range_mon_2\cyber-range-monitor-v-2\backend\.venv\Lib\site-packages\fastapi\routing.py", line 212, in run_endpoint_function
    return await dependant.call(**values)
           ^^^^^^^^^^^^^^^^^^^^^^^^^^^^^^
  File "C:\Users\Beast\Desktop\Work\projs\range_monitor_api\range_mon_2\cyber-range-monitor-v-2\backend\app\domains\auth\router.py", line 70, in login
    api_key = await key_provider.assign_key(
              ^^^^^^^^^^^^^^^^^^^^^^^^^^^^^^
  File "C:\Users\Beast\Desktop\Work\projs\range_monitor_api\range_mon_2\cyber-range-monitor-v-2\backend\app\domains\auth\service.py", line 61, in assign_key
    signed_key = await self._key_store.create_and_store(
                 ^^^^^^^^^^^^^^^^^^^^^^^^^^^^^^^^^^^^^^^
  File "C:\Users\Beast\Desktop\Work\projs\range_monitor_api\range_mon_2\cyber-range-monitor-v-2\backend\app\domains\auth\api_key_store.py", line 52, in create_and_store
    await self._client.set(unsigned_key, enc_payload, ex=ex)
  File "C:\Users\Beast\Desktop\Work\projs\range_monitor_api\range_mon_2\cyber-range-monitor-v-2\backend\app\redis\client.py", line 45, in set
    safe_key = RedisKey(key, self.key_prefix)
               ^^^^^^^^^^^^^^^^^^^^^^^^^^^^^^
  File "C:\Users\Beast\Desktop\Work\projs\range_monitor_api\range_mon_2\cyber-range-monitor-v-2\backend\app\redis\keys.py", line 42, in __new__
    val = validate_key_input(value)
          ^^^^^^^^^^^^^^^^^^^^^^^^^
  File "C:\Users\Beast\Desktop\Work\projs\range_monitor_api\range_mon_2\cyber-range-monitor-v-2\backend\app\redis\keys.py", line 29, in validate_key_input
    raise InvalidRedisKey()
app.redis.errors.InvalidRedisKey: 406: The user provided an invalid redis key which was rejected due to injection concerns.
[ 2025-04-21 17:01:50,055 | INFO  ] - The API responsed to request unknown in [italic]1.335s[/italic] with a HTTP [bold]406[/bold] to the client. (@api.requests->request_logger.py:54)
[ 2025-04-21 17:02:58,017 | INFO  ] - 

Logging setup complete

 (@api->core.py:57)
[ 2025-04-21 17:02:58,029 | INFO  ] - API instance created.
 (@api->main.py:35)
[ 2025-04-21 17:02:58,030 | WARNING ] - API documentation is enabled: [bold red]Disable in production[/bold red] (@api->main.py:41)
[ 2025-04-21 17:02:58,032 | INFO  ] - Adding middleware to API... (@api->main.py:52)
[ 2025-04-21 17:02:58,033 | INFO  ] - 
Middleware setup complete, adding exception handlers to API
 (@api->main.py:56)
[ 2025-04-21 17:02:58,034 | INFO  ] - Exception handlers setup complete, initializing API routes.
 (@api->main.py:61)
[ 2025-04-21 17:02:59,376 | INFO  ] - API routes initialized, API setup complete.
 (@api->main.py:65)
[ 2025-04-21 17:03:03,811 | INFO  ] - Inbound HTTP POST Request @/auth/ from client 127.0.0.1 (request_id=63b4855a-cb94-4db3-bfe4-43cf2e39de8a) (@api.requests->request_logger.py:45)
[ 2025-04-21 17:05:38,476 | INFO  ] - 

Logging setup complete

 (@api->core.py:57)
[ 2025-04-21 17:05:38,494 | INFO  ] - API instance created.
 (@api->main.py:35)
[ 2025-04-21 17:05:38,494 | WARNING ] - API documentation is enabled: [bold red]Disable in production[/bold red] (@api->main.py:41)
[ 2025-04-21 17:05:38,498 | INFO  ] - Adding middleware to API... (@api->main.py:52)
[ 2025-04-21 17:05:38,499 | INFO  ] - 
Middleware setup complete, adding exception handlers to API
 (@api->main.py:56)
[ 2025-04-21 17:05:38,501 | INFO  ] - Exception handlers setup complete, initializing API routes.
 (@api->main.py:61)
[ 2025-04-21 17:05:39,536 | INFO  ] - API routes initialized, API setup complete.
 (@api->main.py:65)
[ 2025-04-21 17:05:39,536 | INFO  ] - Connecting to database... (@api->app_builder.py:44)
[ 2025-04-21 17:05:39,619 | INFO  ] - Database connected, connecting to redis... (@api->app_builder.py:48)
[ 2025-04-21 17:05:39,637 | INFO  ] - Redis connected, API startup finished. (@api->app_builder.py:52)
[ 2025-04-21 17:05:46,807 | INFO  ] - Inbound HTTP POST Request @/auth/ from client 127.0.0.1 (request_id=187d4db2-893a-4681-9a13-ad4124e09fee) (@api.requests->request_logger.py:45)
[ 2025-04-21 17:05:47,442 | INFO  ] - The API responsed to request unknown in [italic]0.635s[/italic] with a HTTP [bold]200[/bold] to the client. (@api.requests->request_logger.py:54)
[ 2025-04-21 17:06:26,722 | INFO  ] - Inbound HTTP GET Request @/datasources/guacamole/ from client 127.0.0.1 (request_id=1e28cdc7-b1e0-4fea-a4eb-793ced896d85) (@api.requests->request_logger.py:45)
[ 2025-04-21 17:07:02,429 | INFO  ] - Shutting down API, disconnecting Redis Connection... (@api->app_builder.py:56)
[ 2025-04-21 17:07:02,451 | INFO  ] - Redis disconnected, ending API shutdown. (@api->app_builder.py:60)
[ 2025-04-21 17:07:05,050 | INFO  ] - 

Logging setup complete

 (@api->core.py:57)
[ 2025-04-21 17:07:05,066 | INFO  ] - API instance created.
 (@api->main.py:35)
[ 2025-04-21 17:07:05,068 | WARNING ] - API documentation is enabled: [bold red]Disable in production[/bold red] (@api->main.py:41)
[ 2025-04-21 17:07:05,069 | INFO  ] - Adding middleware to API... (@api->main.py:52)
[ 2025-04-21 17:07:05,070 | INFO  ] - 
Middleware setup complete, adding exception handlers to API
 (@api->main.py:56)
[ 2025-04-21 17:07:05,071 | INFO  ] - Exception handlers setup complete, initializing API routes.
 (@api->main.py:61)
[ 2025-04-21 17:07:06,255 | INFO  ] - API routes initialized, API setup complete.
 (@api->main.py:65)
[ 2025-04-21 17:07:06,262 | INFO  ] - Connecting to database... (@api->app_builder.py:44)
[ 2025-04-21 17:07:06,315 | INFO  ] - Database connected, connecting to redis... (@api->app_builder.py:48)
[ 2025-04-21 17:07:06,327 | INFO  ] - Redis connected, API startup finished. (@api->app_builder.py:52)
[ 2025-04-21 17:07:11,232 | INFO  ] - Inbound HTTP GET Request @/datasources/guacamole/ from client 127.0.0.1 (request_id=bc420cce-b099-4e14-81c0-6406e2c7b959) (@api.requests->request_logger.py:45)
[ 2025-04-21 17:07:11,259 | INFO  ] - The API responsed to request unknown in [italic]0.030s[/italic] with a HTTP [bold]200[/bold] to the client. (@api.requests->request_logger.py:54)
[ 2025-04-21 17:07:19,276 | INFO  ] - Inbound HTTP GET Request @/datasources/openstack/ from client 127.0.0.1 (request_id=a35efdf8-01a4-47c4-aec8-ed6a5480e336) (@api.requests->request_logger.py:45)
[ 2025-04-21 17:07:19,307 | INFO  ] - The API responsed to request unknown in [italic]0.031s[/italic] with a HTTP [bold]200[/bold] to the client. (@api.requests->request_logger.py:54)
[ 2025-04-21 17:07:29,726 | INFO  ] - Inbound HTTP GET Request @/datasources/saltstack/ from client 127.0.0.1 (request_id=dfb1afa4-e78a-4e72-9e64-6f7842e66558) (@api.requests->request_logger.py:45)
[ 2025-04-21 17:07:29,753 | INFO  ] - The API responsed to request unknown in [italic]0.027s[/italic] with a HTTP [bold]200[/bold] to the client. (@api.requests->request_logger.py:54)
[ 2025-04-21 17:07:50,341 | INFO  ] - Shutting down API, disconnecting Redis Connection... (@api->app_builder.py:56)
[ 2025-04-21 17:07:50,360 | INFO  ] - Redis disconnected, ending API shutdown. (@api->app_builder.py:60)
[ 2025-04-21 17:08:19,352 | INFO  ] - 

Logging setup complete

 (@api->core.py:57)
[ 2025-04-21 17:08:19,352 | INFO  ] - API instance created.
 (@api->main.py:35)
[ 2025-04-21 17:08:19,352 | WARNING ] - API documentation is enabled: [bold red]Disable in production[/bold red] (@api->main.py:41)
[ 2025-04-21 17:08:19,364 | INFO  ] - Adding middleware to API... (@api->main.py:52)
[ 2025-04-21 17:08:19,365 | INFO  ] - 
Middleware setup complete, adding exception handlers to API
 (@api->main.py:56)
[ 2025-04-21 17:08:19,367 | INFO  ] - Exception handlers setup complete, initializing API routes.
 (@api->main.py:61)
[ 2025-04-21 17:08:20,367 | INFO  ] - API routes initialized, API setup complete.
 (@api->main.py:65)
[ 2025-04-21 17:08:21,984 | INFO  ] - 

Logging setup complete

 (@api->core.py:57)
[ 2025-04-21 17:08:22,012 | INFO  ] - API instance created.
 (@api->main.py:35)
[ 2025-04-21 17:08:22,014 | WARNING ] - API documentation is enabled: [bold red]Disable in production[/bold red] (@api->main.py:41)
[ 2025-04-21 17:08:22,016 | INFO  ] - Adding middleware to API... (@api->main.py:52)
[ 2025-04-21 17:08:22,018 | INFO  ] - 
Middleware setup complete, adding exception handlers to API
 (@api->main.py:56)
[ 2025-04-21 17:08:22,019 | INFO  ] - Exception handlers setup complete, initializing API routes.
 (@api->main.py:61)
[ 2025-04-21 17:08:23,137 | INFO  ] - API routes initialized, API setup complete.
 (@api->main.py:65)
[ 2025-04-21 17:08:23,153 | INFO  ] - Connecting to database... (@api->app_builder.py:44)
[ 2025-04-21 17:08:24,316 | INFO  ] - Database connected, connecting to redis... (@api->app_builder.py:48)
[ 2025-04-21 17:08:24,331 | INFO  ] - Redis connected, API startup finished. (@api->app_builder.py:52)
[ 2025-04-21 17:08:34,415 | INFO  ] - Inbound HTTP GET Request @/datasources/saltstack/ from client 127.0.0.1 (request_id=41896cb6-48dc-451d-8c03-9c5c823b0a05) (@api.requests->request_logger.py:45)
[ 2025-04-21 17:08:34,451 | INFO  ] - The API responsed to request unknown in [italic]0.035s[/italic] with a HTTP [bold]200[/bold] to the client. (@api.requests->request_logger.py:54)
[ 2025-04-21 17:10:50,062 | INFO  ] - Shutting down API, disconnecting Redis Connection... (@api->app_builder.py:56)
[ 2025-04-21 17:10:50,093 | INFO  ] - Redis disconnected, ending API shutdown. (@api->app_builder.py:60)
[ 2025-04-21 17:10:52,479 | INFO  ] - 

Logging setup complete

 (@api->core.py:57)
[ 2025-04-21 17:10:52,494 | INFO  ] - API instance created.
 (@api->main.py:35)
[ 2025-04-21 17:10:52,495 | WARNING ] - API documentation is enabled: [bold red]Disable in production[/bold red] (@api->main.py:41)
[ 2025-04-21 17:10:52,497 | INFO  ] - Adding middleware to API... (@api->main.py:52)
[ 2025-04-21 17:10:52,499 | INFO  ] - 
Middleware setup complete, adding exception handlers to API
 (@api->main.py:56)
[ 2025-04-21 17:10:52,499 | INFO  ] - Exception handlers setup complete, initializing API routes.
 (@api->main.py:61)
[ 2025-04-21 17:10:53,543 | INFO  ] - API routes initialized, API setup complete.
 (@api->main.py:65)
[ 2025-04-21 17:10:53,543 | INFO  ] - Connecting to database... (@api->app_builder.py:44)
[ 2025-04-21 17:10:53,623 | INFO  ] - Database connected, connecting to redis... (@api->app_builder.py:48)
[ 2025-04-21 17:10:53,639 | INFO  ] - Redis connected, API startup finished. (@api->app_builder.py:52)
[ 2025-04-21 17:10:55,592 | INFO  ] - 

Logging setup complete

 (@api->core.py:57)
[ 2025-04-21 17:10:55,607 | INFO  ] - API instance created.
 (@api->main.py:35)
[ 2025-04-21 17:10:55,608 | WARNING ] - API documentation is enabled: [bold red]Disable in production[/bold red] (@api->main.py:41)
[ 2025-04-21 17:10:55,609 | INFO  ] - Adding middleware to API... (@api->main.py:52)
[ 2025-04-21 17:10:55,611 | INFO  ] - 
Middleware setup complete, adding exception handlers to API
 (@api->main.py:56)
[ 2025-04-21 17:10:55,612 | INFO  ] - Exception handlers setup complete, initializing API routes.
 (@api->main.py:61)
[ 2025-04-21 17:10:56,497 | INFO  ] - API routes initialized, API setup complete.
 (@api->main.py:65)
[ 2025-04-21 17:10:56,499 | INFO  ] - Connecting to database... (@api->app_builder.py:44)
[ 2025-04-21 17:10:56,569 | INFO  ] - Database connected, connecting to redis... (@api->app_builder.py:48)
[ 2025-04-21 17:10:56,584 | INFO  ] - Redis connected, API startup finished. (@api->app_builder.py:52)
[ 2025-04-21 17:11:03,994 | INFO  ] - Inbound HTTP GET Request @/datasources/saltstack/ from client 127.0.0.1 (request_id=3ed42884-406e-4dfe-a407-6f5006bf2780) (@api.requests->request_logger.py:45)
[ 2025-04-21 17:11:04,015 | INFO  ] - Getting all saltstack datasources. (@api->router.py:77)
[ 2025-04-21 17:11:04,016 | INFO  ] - SaltstackSource model found. (@api->router.py:79)
[ 2025-04-21 17:11:04,023 | INFO  ] - The API responsed to request unknown in [italic]0.027s[/italic] with a HTTP [bold]200[/bold] to the client. (@api.requests->request_logger.py:54)
[ 2025-04-21 17:13:15,689 | INFO  ] - Shutting down API, disconnecting Redis Connection... (@api->app_builder.py:56)
[ 2025-04-21 17:13:15,689 | INFO  ] - Redis disconnected, ending API shutdown. (@api->app_builder.py:60)
[ 2025-04-21 17:13:19,255 | INFO  ] - 

Logging setup complete

 (@api->core.py:57)
[ 2025-04-21 17:13:19,279 | INFO  ] - API instance created.
 (@api->main.py:35)
[ 2025-04-21 17:13:19,283 | WARNING ] - API documentation is enabled: [bold red]Disable in production[/bold red] (@api->main.py:41)
[ 2025-04-21 17:13:19,287 | INFO  ] - Adding middleware to API... (@api->main.py:52)
[ 2025-04-21 17:13:19,291 | INFO  ] - 
Middleware setup complete, adding exception handlers to API
 (@api->main.py:56)
[ 2025-04-21 17:13:19,295 | INFO  ] - Exception handlers setup complete, initializing API routes.
 (@api->main.py:61)
[ 2025-04-21 17:13:20,383 | INFO  ] - API routes initialized, API setup complete.
 (@api->main.py:65)
[ 2025-04-21 17:13:20,391 | INFO  ] - Connecting to database... (@api->app_builder.py:44)
[ 2025-04-21 17:13:20,474 | INFO  ] - Database connected, connecting to redis... (@api->app_builder.py:48)
[ 2025-04-21 17:13:20,483 | INFO  ] - Redis connected, API startup finished. (@api->app_builder.py:52)
[ 2025-04-21 17:13:23,317 | INFO  ] - 

Logging setup complete

 (@api->core.py:57)
[ 2025-04-21 17:13:23,340 | INFO  ] - API instance created.
 (@api->main.py:35)
[ 2025-04-21 17:13:23,344 | WARNING ] - API documentation is enabled: [bold red]Disable in production[/bold red] (@api->main.py:41)
[ 2025-04-21 17:13:23,345 | INFO  ] - Adding middleware to API... (@api->main.py:52)
[ 2025-04-21 17:13:23,345 | INFO  ] - 
Middleware setup complete, adding exception handlers to API
 (@api->main.py:56)
[ 2025-04-21 17:13:23,353 | INFO  ] - Exception handlers setup complete, initializing API routes.
 (@api->main.py:61)
[ 2025-04-21 17:13:24,788 | INFO  ] - API routes initialized, API setup complete.
 (@api->main.py:65)
[ 2025-04-21 17:13:24,792 | INFO  ] - Connecting to database... (@api->app_builder.py:44)
[ 2025-04-21 17:13:24,880 | INFO  ] - Database connected, connecting to redis... (@api->app_builder.py:48)
[ 2025-04-21 17:13:24,897 | INFO  ] - Redis connected, API startup finished. (@api->app_builder.py:52)
[ 2025-04-21 17:13:48,497 | INFO  ] - Shutting down API, disconnecting Redis Connection... (@api->app_builder.py:56)
[ 2025-04-21 17:13:48,519 | INFO  ] - Redis disconnected, ending API shutdown. (@api->app_builder.py:60)
[ 2025-04-21 17:13:50,650 | INFO  ] - 

Logging setup complete

 (@api->core.py:57)
[ 2025-04-21 17:13:50,666 | INFO  ] - API instance created.
 (@api->main.py:35)
[ 2025-04-21 17:13:50,667 | WARNING ] - API documentation is enabled: [bold red]Disable in production[/bold red] (@api->main.py:41)
[ 2025-04-21 17:13:50,669 | INFO  ] - Adding middleware to API... (@api->main.py:52)
[ 2025-04-21 17:13:50,670 | INFO  ] - 
Middleware setup complete, adding exception handlers to API
 (@api->main.py:56)
[ 2025-04-21 17:13:50,672 | INFO  ] - Exception handlers setup complete, initializing API routes.
 (@api->main.py:61)
[ 2025-04-21 17:13:51,840 | INFO  ] - API routes initialized, API setup complete.
 (@api->main.py:65)
[ 2025-04-21 17:13:51,844 | INFO  ] - Connecting to database... (@api->app_builder.py:44)
[ 2025-04-21 17:13:51,905 | INFO  ] - Database connected, connecting to redis... (@api->app_builder.py:48)
[ 2025-04-21 17:13:51,919 | INFO  ] - Redis connected, API startup finished. (@api->app_builder.py:52)
[ 2025-04-21 17:14:00,153 | INFO  ] - Inbound HTTP GET Request @/datasources/saltstack/ from client 127.0.0.1 (request_id=1d895a50-9e36-43c1-9d5a-105bfaff9e81) (@api.requests->request_logger.py:45)
[ 2025-04-21 17:14:00,186 | INFO  ] - Getting all saltstack datasources. (@api->router.py:77)
[ 2025-04-21 17:14:00,188 | INFO  ] - SaltstackSource model found. (@api->router.py:79)
[ 2025-04-21 17:14:00,196 | INFO  ] - The API responsed to request unknown in [italic]0.044s[/italic] with a HTTP [bold]200[/bold] to the client. (@api.requests->request_logger.py:54)
[ 2025-04-21 17:14:46,632 | INFO  ] - Inbound HTTP POST Request @/datasources/guacamole/ from client 127.0.0.1 (request_id=7d173ca9-548b-4433-b5a9-277f9be55ac5) (@api.requests->request_logger.py:45)
[ 2025-04-21 17:14:46,649 | WARNING ] - A client sent invalid data and a Validation Error occured. (@api.middleware->exc_handlers.py:116)
Traceback (most recent call last):
  File "C:\Users\Beast\Desktop\Work\projs\range_monitor_api\range_mon_2\cyber-range-monitor-v-2\backend\.venv\Lib\site-packages\starlette\_exception_handler.py", line 42, in wrapped_app
    await app(scope, receive, sender)
  File "C:\Users\Beast\Desktop\Work\projs\range_monitor_api\range_mon_2\cyber-range-monitor-v-2\backend\.venv\Lib\site-packages\starlette\routing.py", line 73, in app
    response = await f(request)
               ^^^^^^^^^^^^^^^^
  File "C:\Users\Beast\Desktop\Work\projs\range_monitor_api\range_mon_2\cyber-range-monitor-v-2\backend\.venv\Lib\site-packages\fastapi\routing.py", line 346, in app
    raise validation_error
fastapi.exceptions.RequestValidationError: [{'type': 'missing', 'loc': ('body', 'OpenstackCreate', 'enabled'), 'msg': 'Field required', 'input': {'username': 'foo', 'password': 'bar', 'endpoint': 'https://example.com', 'options': {'datasource': 'sqlite', 'foo': 'bar'}}}, {'type': 'missing', 'loc': ('body', 'OpenstackCreate', 'options', 'projectDomainName'), 'msg': 'Field required', 'input': {'datasource': 'sqlite', 'foo': 'bar'}}, {'type': 'missing', 'loc': ('body', 'OpenstackCreate', 'options', 'userDomainName'), 'msg': 'Field required', 'input': {'datasource': 'sqlite', 'foo': 'bar'}}, {'type': 'missing', 'loc': ('body', 'OpenstackCreate', 'options', 'regionName'), 'msg': 'Field required', 'input': {'datasource': 'sqlite', 'foo': 'bar'}}, {'type': 'missing', 'loc': ('body', 'OpenstackCreate', 'options', 'identityApiVersion'), 'msg': 'Field required', 'input': {'datasource': 'sqlite', 'foo': 'bar'}}, {'type': 'extra_forbidden', 'loc': ('body', 'OpenstackCreate', 'options', 'datasource'), 'msg': 'Extra inputs are not permitted', 'input': 'sqlite'}, {'type': 'extra_forbidden', 'loc': ('body', 'OpenstackCreate', 'options', 'foo'), 'msg': 'Extra inputs are not permitted', 'input': 'bar'}, {'type': 'missing', 'loc': ('body', 'SaltstackCreate', 'enabled'), 'msg': 'Field required', 'input': {'username': 'foo', 'password': 'bar', 'endpoint': 'https://example.com', 'options': {'datasource': 'sqlite', 'foo': 'bar'}}}, {'type': 'missing', 'loc': ('body', 'SaltstackCreate', 'options', 'hostname'), 'msg': 'Field required', 'input': {'datasource': 'sqlite', 'foo': 'bar'}}, {'type': 'extra_forbidden', 'loc': ('body', 'SaltstackCreate', 'options', 'datasource'), 'msg': 'Extra inputs are not permitted', 'input': 'sqlite'}, {'type': 'extra_forbidden', 'loc': ('body', 'SaltstackCreate', 'options', 'foo'), 'msg': 'Extra inputs are not permitted', 'input': 'bar'}, {'type': 'missing', 'loc': ('body', 'GuacamoleCreate', 'enabled'), 'msg': 'Field required', 'input': {'username': 'foo', 'password': 'bar', 'endpoint': 'https://example.com', 'options': {'datasource': 'sqlite', 'foo': 'bar'}}}, {'type': 'extra_forbidden', 'loc': ('body', 'GuacamoleCreate', 'options', 'foo'), 'msg': 'Extra inputs are not permitted', 'input': 'bar'}]
[ 2025-04-21 17:14:47,246 | INFO  ] - The API responsed to request unknown in [italic]0.614s[/italic] with a HTTP [bold]422[/bold] to the client. (@api.requests->request_logger.py:54)
[ 2025-04-21 17:15:16,258 | INFO  ] - Inbound HTTP POST Request @/datasources/guacamole/ from client 127.0.0.1 (request_id=964dc0c3-a1f5-4c17-99e5-f38e29bb7f77) (@api.requests->request_logger.py:45)
[ 2025-04-21 17:15:16,278 | WARNING ] - A client sent invalid data and a Validation Error occured. (@api.middleware->exc_handlers.py:116)
Traceback (most recent call last):
  File "C:\Users\Beast\Desktop\Work\projs\range_monitor_api\range_mon_2\cyber-range-monitor-v-2\backend\.venv\Lib\site-packages\starlette\_exception_handler.py", line 42, in wrapped_app
    await app(scope, receive, sender)
  File "C:\Users\Beast\Desktop\Work\projs\range_monitor_api\range_mon_2\cyber-range-monitor-v-2\backend\.venv\Lib\site-packages\starlette\routing.py", line 73, in app
    response = await f(request)
               ^^^^^^^^^^^^^^^^
  File "C:\Users\Beast\Desktop\Work\projs\range_monitor_api\range_mon_2\cyber-range-monitor-v-2\backend\.venv\Lib\site-packages\fastapi\routing.py", line 346, in app
    raise validation_error
fastapi.exceptions.RequestValidationError: [{'type': 'missing', 'loc': ('body', 'OpenstackCreate', 'enabled'), 'msg': 'Field required', 'input': {'username': 'foo', 'password': 'bar', 'endpoint': 'https://example.com', 'options': {'datasource': 'sqlite'}}}, {'type': 'missing', 'loc': ('body', 'OpenstackCreate', 'options', 'projectDomainName'), 'msg': 'Field required', 'input': {'datasource': 'sqlite'}}, {'type': 'missing', 'loc': ('body', 'OpenstackCreate', 'options', 'userDomainName'), 'msg': 'Field required', 'input': {'datasource': 'sqlite'}}, {'type': 'missing', 'loc': ('body', 'OpenstackCreate', 'options', 'regionName'), 'msg': 'Field required', 'input': {'datasource': 'sqlite'}}, {'type': 'missing', 'loc': ('body', 'OpenstackCreate', 'options', 'identityApiVersion'), 'msg': 'Field required', 'input': {'datasource': 'sqlite'}}, {'type': 'extra_forbidden', 'loc': ('body', 'OpenstackCreate', 'options', 'datasource'), 'msg': 'Extra inputs are not permitted', 'input': 'sqlite'}, {'type': 'missing', 'loc': ('body', 'SaltstackCreate', 'enabled'), 'msg': 'Field required', 'input': {'username': 'foo', 'password': 'bar', 'endpoint': 'https://example.com', 'options': {'datasource': 'sqlite'}}}, {'type': 'missing', 'loc': ('body', 'SaltstackCreate', 'options', 'hostname'), 'msg': 'Field required', 'input': {'datasource': 'sqlite'}}, {'type': 'extra_forbidden', 'loc': ('body', 'SaltstackCreate', 'options', 'datasource'), 'msg': 'Extra inputs are not permitted', 'input': 'sqlite'}, {'type': 'missing', 'loc': ('body', 'GuacamoleCreate', 'enabled'), 'msg': 'Field required', 'input': {'username': 'foo', 'password': 'bar', 'endpoint': 'https://example.com', 'options': {'datasource': 'sqlite'}}}]
[ 2025-04-21 17:15:16,840 | INFO  ] - The API responsed to request unknown in [italic]0.586s[/italic] with a HTTP [bold]422[/bold] to the client. (@api.requests->request_logger.py:54)
[ 2025-04-21 17:18:49,131 | INFO  ] - Shutting down API, disconnecting Redis Connection... (@api->app_builder.py:56)
[ 2025-04-21 17:18:49,136 | INFO  ] - Redis disconnected, ending API shutdown. (@api->app_builder.py:60)
[ 2025-04-21 17:18:51,944 | INFO  ] - 

Logging setup complete

 (@api->core.py:57)
[ 2025-04-21 17:18:51,961 | INFO  ] - API instance created.
 (@api->main.py:35)
[ 2025-04-21 17:18:51,964 | WARNING ] - API documentation is enabled: [bold red]Disable in production[/bold red] (@api->main.py:41)
[ 2025-04-21 17:18:51,967 | INFO  ] - Adding middleware to API... (@api->main.py:52)
[ 2025-04-21 17:18:51,974 | INFO  ] - 
Middleware setup complete, adding exception handlers to API
 (@api->main.py:56)
[ 2025-04-21 17:18:51,978 | INFO  ] - Exception handlers setup complete, initializing API routes.
 (@api->main.py:61)
[ 2025-04-21 17:18:53,643 | INFO  ] - API routes initialized, API setup complete.
 (@api->main.py:65)
[ 2025-04-21 17:18:53,649 | INFO  ] - Connecting to database... (@api->app_builder.py:44)
[ 2025-04-21 17:18:53,721 | INFO  ] - Database connected, connecting to redis... (@api->app_builder.py:48)
[ 2025-04-21 17:18:53,741 | INFO  ] - Redis connected, API startup finished. (@api->app_builder.py:52)
[ 2025-04-21 17:18:55,991 | INFO  ] - 

Logging setup complete

 (@api->core.py:57)
[ 2025-04-21 17:18:56,001 | INFO  ] - API instance created.
 (@api->main.py:35)
[ 2025-04-21 17:18:56,003 | WARNING ] - API documentation is enabled: [bold red]Disable in production[/bold red] (@api->main.py:41)
[ 2025-04-21 17:18:56,005 | INFO  ] - Adding middleware to API... (@api->main.py:52)
[ 2025-04-21 17:18:56,006 | INFO  ] - 
Middleware setup complete, adding exception handlers to API
 (@api->main.py:56)
[ 2025-04-21 17:18:56,008 | INFO  ] - Exception handlers setup complete, initializing API routes.
 (@api->main.py:61)
[ 2025-04-21 17:18:58,910 | INFO  ] - 

Logging setup complete

 (@api->core.py:57)
[ 2025-04-21 17:18:58,926 | INFO  ] - API instance created.
 (@api->main.py:35)
[ 2025-04-21 17:18:58,928 | WARNING ] - API documentation is enabled: [bold red]Disable in production[/bold red] (@api->main.py:41)
[ 2025-04-21 17:18:58,930 | INFO  ] - Adding middleware to API... (@api->main.py:52)
[ 2025-04-21 17:18:58,932 | INFO  ] - 
Middleware setup complete, adding exception handlers to API
 (@api->main.py:56)
[ 2025-04-21 17:18:58,933 | INFO  ] - Exception handlers setup complete, initializing API routes.
 (@api->main.py:61)
[ 2025-04-21 17:19:02,455 | INFO  ] - 

Logging setup complete

 (@api->core.py:57)
[ 2025-04-21 17:19:02,472 | INFO  ] - API instance created.
 (@api->main.py:35)
[ 2025-04-21 17:19:02,475 | WARNING ] - API documentation is enabled: [bold red]Disable in production[/bold red] (@api->main.py:41)
[ 2025-04-21 17:19:02,476 | INFO  ] - Adding middleware to API... (@api->main.py:52)
[ 2025-04-21 17:19:02,478 | INFO  ] - 
Middleware setup complete, adding exception handlers to API
 (@api->main.py:56)
[ 2025-04-21 17:19:02,480 | INFO  ] - Exception handlers setup complete, initializing API routes.
 (@api->main.py:61)
[ 2025-04-21 17:19:10,097 | INFO  ] - 

Logging setup complete

 (@api->core.py:57)
[ 2025-04-21 17:19:10,108 | INFO  ] - API instance created.
 (@api->main.py:35)
[ 2025-04-21 17:19:10,109 | WARNING ] - API documentation is enabled: [bold red]Disable in production[/bold red] (@api->main.py:41)
[ 2025-04-21 17:19:10,111 | INFO  ] - Adding middleware to API... (@api->main.py:52)
[ 2025-04-21 17:19:10,112 | INFO  ] - 
Middleware setup complete, adding exception handlers to API
 (@api->main.py:56)
[ 2025-04-21 17:19:10,113 | INFO  ] - Exception handlers setup complete, initializing API routes.
 (@api->main.py:61)
[ 2025-04-21 17:19:12,956 | INFO  ] - 

Logging setup complete

 (@api->core.py:57)
[ 2025-04-21 17:19:13,008 | INFO  ] - API instance created.
 (@api->main.py:35)
[ 2025-04-21 17:19:13,014 | WARNING ] - API documentation is enabled: [bold red]Disable in production[/bold red] (@api->main.py:41)
[ 2025-04-21 17:19:13,018 | INFO  ] - Adding middleware to API... (@api->main.py:52)
[ 2025-04-21 17:19:13,022 | INFO  ] - 
Middleware setup complete, adding exception handlers to API
 (@api->main.py:56)
[ 2025-04-21 17:19:13,027 | INFO  ] - Exception handlers setup complete, initializing API routes.
 (@api->main.py:61)
[ 2025-04-21 17:19:18,912 | INFO  ] - 

Logging setup complete

 (@api->core.py:57)
[ 2025-04-21 17:19:18,932 | INFO  ] - API instance created.
 (@api->main.py:35)
[ 2025-04-21 17:19:18,934 | WARNING ] - API documentation is enabled: [bold red]Disable in production[/bold red] (@api->main.py:41)
[ 2025-04-21 17:19:18,936 | INFO  ] - Adding middleware to API... (@api->main.py:52)
[ 2025-04-21 17:19:18,938 | INFO  ] - 
Middleware setup complete, adding exception handlers to API
 (@api->main.py:56)
[ 2025-04-21 17:19:18,940 | INFO  ] - Exception handlers setup complete, initializing API routes.
 (@api->main.py:61)
[ 2025-04-21 17:19:22,776 | INFO  ] - 

Logging setup complete

 (@api->core.py:57)
[ 2025-04-21 17:19:22,786 | INFO  ] - API instance created.
 (@api->main.py:35)
[ 2025-04-21 17:19:22,788 | WARNING ] - API documentation is enabled: [bold red]Disable in production[/bold red] (@api->main.py:41)
[ 2025-04-21 17:19:22,790 | INFO  ] - Adding middleware to API... (@api->main.py:52)
[ 2025-04-21 17:19:22,791 | INFO  ] - 
Middleware setup complete, adding exception handlers to API
 (@api->main.py:56)
[ 2025-04-21 17:19:22,793 | INFO  ] - Exception handlers setup complete, initializing API routes.
 (@api->main.py:61)
[ 2025-04-21 17:19:24,394 | INFO  ] - API routes initialized, API setup complete.
 (@api->main.py:65)
[ 2025-04-21 17:19:24,403 | INFO  ] - Connecting to database... (@api->app_builder.py:44)
[ 2025-04-21 17:19:24,466 | INFO  ] - Database connected, connecting to redis... (@api->app_builder.py:48)
[ 2025-04-21 17:19:24,478 | INFO  ] - Redis connected, API startup finished. (@api->app_builder.py:52)
[ 2025-04-21 17:19:38,533 | INFO  ] - Inbound HTTP POST Request @/datasources/guacamole/ from client 127.0.0.1 (request_id=4488614c-ca5e-40ce-9c00-b59fa4ba3856) (@api.requests->request_logger.py:45)
[ 2025-04-21 17:19:38,557 | WARNING ] - A client sent invalid data and a Validation Error occured. (@api.middleware->exc_handlers.py:116)
Traceback (most recent call last):
  File "C:\Users\Beast\Desktop\Work\projs\range_monitor_api\range_mon_2\cyber-range-monitor-v-2\backend\.venv\Lib\site-packages\starlette\_exception_handler.py", line 42, in wrapped_app
    await app(scope, receive, sender)
  File "C:\Users\Beast\Desktop\Work\projs\range_monitor_api\range_mon_2\cyber-range-monitor-v-2\backend\.venv\Lib\site-packages\starlette\routing.py", line 73, in app
    response = await f(request)
               ^^^^^^^^^^^^^^^^
  File "C:\Users\Beast\Desktop\Work\projs\range_monitor_api\range_mon_2\cyber-range-monitor-v-2\backend\.venv\Lib\site-packages\fastapi\routing.py", line 346, in app
    raise validation_error
fastapi.exceptions.RequestValidationError: [{'type': 'missing', 'loc': ('body', 'OpenstackCreate', 'enabled'), 'msg': 'Field required', 'input': {'username': 'foo', 'password': 'bar', 'endpoint': 'https://example.com', 'options': {'datasource': 'sqlite'}}}, {'type': 'missing', 'loc': ('body', 'OpenstackCreate', 'options', 'projectDomainName'), 'msg': 'Field required', 'input': {'datasource': 'sqlite'}}, {'type': 'missing', 'loc': ('body', 'OpenstackCreate', 'options', 'userDomainName'), 'msg': 'Field required', 'input': {'datasource': 'sqlite'}}, {'type': 'missing', 'loc': ('body', 'OpenstackCreate', 'options', 'regionName'), 'msg': 'Field required', 'input': {'datasource': 'sqlite'}}, {'type': 'missing', 'loc': ('body', 'OpenstackCreate', 'options', 'identityApiVersion'), 'msg': 'Field required', 'input': {'datasource': 'sqlite'}}, {'type': 'extra_forbidden', 'loc': ('body', 'OpenstackCreate', 'options', 'datasource'), 'msg': 'Extra inputs are not permitted', 'input': 'sqlite'}, {'type': 'missing', 'loc': ('body', 'SaltstackCreate', 'enabled'), 'msg': 'Field required', 'input': {'username': 'foo', 'password': 'bar', 'endpoint': 'https://example.com', 'options': {'datasource': 'sqlite'}}}, {'type': 'missing', 'loc': ('body', 'SaltstackCreate', 'options', 'hostname'), 'msg': 'Field required', 'input': {'datasource': 'sqlite'}}, {'type': 'extra_forbidden', 'loc': ('body', 'SaltstackCreate', 'options', 'datasource'), 'msg': 'Extra inputs are not permitted', 'input': 'sqlite'}, {'type': 'missing', 'loc': ('body', 'GuacamoleCreate', 'enabled'), 'msg': 'Field required', 'input': {'username': 'foo', 'password': 'bar', 'endpoint': 'https://example.com', 'options': {'datasource': 'sqlite'}}}]
[ 2025-04-21 17:19:39,011 | INFO  ] - The API responsed to request unknown in [italic]0.477s[/italic] with a HTTP [bold]422[/bold] to the client. (@api.requests->request_logger.py:54)
[ 2025-04-21 17:19:57,787 | INFO  ] - Shutting down API, disconnecting Redis Connection... (@api->app_builder.py:56)
[ 2025-04-21 17:19:57,790 | INFO  ] - Redis disconnected, ending API shutdown. (@api->app_builder.py:60)
[ 2025-04-21 17:19:59,830 | INFO  ] - 

Logging setup complete

 (@api->core.py:57)
[ 2025-04-21 17:19:59,840 | INFO  ] - API instance created.
 (@api->main.py:35)
[ 2025-04-21 17:19:59,840 | WARNING ] - API documentation is enabled: [bold red]Disable in production[/bold red] (@api->main.py:41)
[ 2025-04-21 17:19:59,845 | INFO  ] - Adding middleware to API... (@api->main.py:52)
[ 2025-04-21 17:19:59,846 | INFO  ] - 
Middleware setup complete, adding exception handlers to API
 (@api->main.py:56)
[ 2025-04-21 17:19:59,847 | INFO  ] - Exception handlers setup complete, initializing API routes.
 (@api->main.py:61)
[ 2025-04-21 17:20:01,043 | INFO  ] - API routes initialized, API setup complete.
 (@api->main.py:65)
[ 2025-04-21 17:20:01,049 | INFO  ] - Connecting to database... (@api->app_builder.py:44)
[ 2025-04-21 17:20:01,136 | INFO  ] - Database connected, connecting to redis... (@api->app_builder.py:48)
[ 2025-04-21 17:20:01,177 | INFO  ] - Redis connected, API startup finished. (@api->app_builder.py:52)
[ 2025-04-21 17:20:04,142 | INFO  ] - Inbound HTTP POST Request @/datasources/guacamole/ from client 127.0.0.1 (request_id=09a6631d-5abf-49fb-824f-5bf6b127b2d4) (@api.requests->request_logger.py:45)
[ 2025-04-21 17:20:04,163 | WARNING ] - A client sent invalid data and a Validation Error occured. (@api.middleware->exc_handlers.py:116)
Traceback (most recent call last):
  File "C:\Users\Beast\Desktop\Work\projs\range_monitor_api\range_mon_2\cyber-range-monitor-v-2\backend\.venv\Lib\site-packages\starlette\_exception_handler.py", line 42, in wrapped_app
    await app(scope, receive, sender)
  File "C:\Users\Beast\Desktop\Work\projs\range_monitor_api\range_mon_2\cyber-range-monitor-v-2\backend\.venv\Lib\site-packages\starlette\routing.py", line 73, in app
    response = await f(request)
               ^^^^^^^^^^^^^^^^
  File "C:\Users\Beast\Desktop\Work\projs\range_monitor_api\range_mon_2\cyber-range-monitor-v-2\backend\.venv\Lib\site-packages\fastapi\routing.py", line 346, in app
    raise validation_error
fastapi.exceptions.RequestValidationError: [{'type': 'missing', 'loc': ('body', 'OpenstackCreate', 'enabled'), 'msg': 'Field required', 'input': {'username': 'foo', 'password': 'bar', 'endpoint': 'https://example.com', 'options': {'datasource': 'sqlite'}}}, {'type': 'missing', 'loc': ('body', 'OpenstackCreate', 'options', 'projectDomainName'), 'msg': 'Field required', 'input': {'datasource': 'sqlite'}}, {'type': 'missing', 'loc': ('body', 'OpenstackCreate', 'options', 'userDomainName'), 'msg': 'Field required', 'input': {'datasource': 'sqlite'}}, {'type': 'missing', 'loc': ('body', 'OpenstackCreate', 'options', 'regionName'), 'msg': 'Field required', 'input': {'datasource': 'sqlite'}}, {'type': 'missing', 'loc': ('body', 'OpenstackCreate', 'options', 'identityApiVersion'), 'msg': 'Field required', 'input': {'datasource': 'sqlite'}}, {'type': 'extra_forbidden', 'loc': ('body', 'OpenstackCreate', 'options', 'datasource'), 'msg': 'Extra inputs are not permitted', 'input': 'sqlite'}, {'type': 'missing', 'loc': ('body', 'SaltstackCreate', 'enabled'), 'msg': 'Field required', 'input': {'username': 'foo', 'password': 'bar', 'endpoint': 'https://example.com', 'options': {'datasource': 'sqlite'}}}, {'type': 'missing', 'loc': ('body', 'SaltstackCreate', 'options', 'hostname'), 'msg': 'Field required', 'input': {'datasource': 'sqlite'}}, {'type': 'extra_forbidden', 'loc': ('body', 'SaltstackCreate', 'options', 'datasource'), 'msg': 'Extra inputs are not permitted', 'input': 'sqlite'}, {'type': 'missing', 'loc': ('body', 'GuacamoleCreate', 'enabled'), 'msg': 'Field required', 'input': {'username': 'foo', 'password': 'bar', 'endpoint': 'https://example.com', 'options': {'datasource': 'sqlite'}}}]
[ 2025-04-21 17:20:04,802 | INFO  ] - The API responsed to request unknown in [italic]0.662s[/italic] with a HTTP [bold]422[/bold] to the client. (@api.requests->request_logger.py:54)
[ 2025-04-21 17:21:09,971 | INFO  ] - Shutting down API, disconnecting Redis Connection... (@api->app_builder.py:56)
[ 2025-04-21 17:21:09,976 | INFO  ] - Redis disconnected, ending API shutdown. (@api->app_builder.py:60)
[ 2025-04-21 17:21:12,714 | INFO  ] - 

Logging setup complete

 (@api->core.py:57)
[ 2025-04-21 17:21:12,781 | INFO  ] - API instance created.
 (@api->main.py:35)
[ 2025-04-21 17:21:12,787 | WARNING ] - API documentation is enabled: [bold red]Disable in production[/bold red] (@api->main.py:41)
[ 2025-04-21 17:21:12,796 | INFO  ] - Adding middleware to API... (@api->main.py:52)
[ 2025-04-21 17:21:12,802 | INFO  ] - 
Middleware setup complete, adding exception handlers to API
 (@api->main.py:56)
[ 2025-04-21 17:21:12,812 | INFO  ] - Exception handlers setup complete, initializing API routes.
 (@api->main.py:61)
[ 2025-04-21 17:21:14,211 | INFO  ] - API routes initialized, API setup complete.
 (@api->main.py:65)
[ 2025-04-21 17:21:14,218 | INFO  ] - Connecting to database... (@api->app_builder.py:44)
[ 2025-04-21 17:21:14,282 | INFO  ] - Database connected, connecting to redis... (@api->app_builder.py:48)
[ 2025-04-21 17:21:14,304 | INFO  ] - Redis connected, API startup finished. (@api->app_builder.py:52)
[ 2025-04-21 17:21:22,263 | INFO  ] - Inbound HTTP POST Request @/datasources/guacamole/ from client 127.0.0.1 (request_id=55d0ee37-36dd-4925-9b26-42a4fc807dae) (@api.requests->request_logger.py:45)
[ 2025-04-21 17:21:22,294 | WARNING ] - A client sent invalid data and a Validation Error occured. (@api.middleware->exc_handlers.py:116)
Traceback (most recent call last):
  File "C:\Users\Beast\Desktop\Work\projs\range_monitor_api\range_mon_2\cyber-range-monitor-v-2\backend\.venv\Lib\site-packages\starlette\_exception_handler.py", line 42, in wrapped_app
    await app(scope, receive, sender)
  File "C:\Users\Beast\Desktop\Work\projs\range_monitor_api\range_mon_2\cyber-range-monitor-v-2\backend\.venv\Lib\site-packages\starlette\routing.py", line 73, in app
    response = await f(request)
               ^^^^^^^^^^^^^^^^
  File "C:\Users\Beast\Desktop\Work\projs\range_monitor_api\range_mon_2\cyber-range-monitor-v-2\backend\.venv\Lib\site-packages\fastapi\routing.py", line 346, in app
    raise validation_error
fastapi.exceptions.RequestValidationError: [{'type': 'missing', 'loc': ('body', 'OpenstackCreate', 'enabled'), 'msg': 'Field required', 'input': {'username': 'foo', 'password': 'bar', 'endpoint': 'https://example.com', 'options': {'datasource': 'sqlite'}}}, {'type': 'missing', 'loc': ('body', 'OpenstackCreate', 'options', 'projectDomainName'), 'msg': 'Field required', 'input': {'datasource': 'sqlite'}}, {'type': 'missing', 'loc': ('body', 'OpenstackCreate', 'options', 'userDomainName'), 'msg': 'Field required', 'input': {'datasource': 'sqlite'}}, {'type': 'missing', 'loc': ('body', 'OpenstackCreate', 'options', 'regionName'), 'msg': 'Field required', 'input': {'datasource': 'sqlite'}}, {'type': 'missing', 'loc': ('body', 'OpenstackCreate', 'options', 'identityApiVersion'), 'msg': 'Field required', 'input': {'datasource': 'sqlite'}}, {'type': 'extra_forbidden', 'loc': ('body', 'OpenstackCreate', 'options', 'datasource'), 'msg': 'Extra inputs are not permitted', 'input': 'sqlite'}, {'type': 'missing', 'loc': ('body', 'SaltstackCreate', 'enabled'), 'msg': 'Field required', 'input': {'username': 'foo', 'password': 'bar', 'endpoint': 'https://example.com', 'options': {'datasource': 'sqlite'}}}, {'type': 'missing', 'loc': ('body', 'SaltstackCreate', 'options', 'hostname'), 'msg': 'Field required', 'input': {'datasource': 'sqlite'}}, {'type': 'extra_forbidden', 'loc': ('body', 'SaltstackCreate', 'options', 'datasource'), 'msg': 'Extra inputs are not permitted', 'input': 'sqlite'}, {'type': 'missing', 'loc': ('body', 'GuacamoleCreate', 'enabled'), 'msg': 'Field required', 'input': {'username': 'foo', 'password': 'bar', 'endpoint': 'https://example.com', 'options': {'datasource': 'sqlite'}}}]
[ 2025-04-21 17:21:23,294 | INFO  ] - The API responsed to request unknown in [italic]1.032s[/italic] with a HTTP [bold]422[/bold] to the client. (@api.requests->request_logger.py:54)
[ 2025-04-21 17:24:17,217 | INFO  ] - Shutting down API, disconnecting Redis Connection... (@api->app_builder.py:56)
[ 2025-04-21 17:24:17,219 | INFO  ] - Redis disconnected, ending API shutdown. (@api->app_builder.py:60)
[ 2025-04-21 17:24:20,346 | INFO  ] - 

Logging setup complete

 (@api->core.py:57)
[ 2025-04-21 17:24:20,365 | INFO  ] - API instance created.
 (@api->main.py:35)
[ 2025-04-21 17:24:20,367 | WARNING ] - API documentation is enabled: [bold red]Disable in production[/bold red] (@api->main.py:41)
[ 2025-04-21 17:24:20,369 | INFO  ] - Adding middleware to API... (@api->main.py:52)
[ 2025-04-21 17:24:20,371 | INFO  ] - 
Middleware setup complete, adding exception handlers to API
 (@api->main.py:56)
[ 2025-04-21 17:24:20,372 | INFO  ] - Exception handlers setup complete, initializing API routes.
 (@api->main.py:61)
[ 2025-04-21 17:24:21,687 | INFO  ] - API routes initialized, API setup complete.
 (@api->main.py:65)
[ 2025-04-21 17:24:21,695 | INFO  ] - Connecting to database... (@api->app_builder.py:44)
[ 2025-04-21 17:24:21,782 | INFO  ] - Database connected, connecting to redis... (@api->app_builder.py:48)
[ 2025-04-21 17:24:21,801 | INFO  ] - Redis connected, API startup finished. (@api->app_builder.py:52)
[ 2025-04-21 17:24:39,093 | INFO  ] - Inbound HTTP POST Request @/datasources/guacamole/ from client 127.0.0.1 (request_id=29abddb1-e41f-413f-882d-6e2003a6c28c) (@api.requests->request_logger.py:45)
[ 2025-04-21 17:24:39,127 | WARNING ] - A client sent invalid data and a Validation Error occured. (@api.middleware->exc_handlers.py:116)
Traceback (most recent call last):
  File "C:\Users\Beast\Desktop\Work\projs\range_monitor_api\range_mon_2\cyber-range-monitor-v-2\backend\.venv\Lib\site-packages\starlette\_exception_handler.py", line 42, in wrapped_app
    await app(scope, receive, sender)
  File "C:\Users\Beast\Desktop\Work\projs\range_monitor_api\range_mon_2\cyber-range-monitor-v-2\backend\.venv\Lib\site-packages\starlette\routing.py", line 73, in app
    response = await f(request)
               ^^^^^^^^^^^^^^^^
  File "C:\Users\Beast\Desktop\Work\projs\range_monitor_api\range_mon_2\cyber-range-monitor-v-2\backend\.venv\Lib\site-packages\fastapi\routing.py", line 346, in app
    raise validation_error
fastapi.exceptions.RequestValidationError: [{'type': 'missing', 'loc': ('body', 'OpenstackCreate', 'enabled'), 'msg': 'Field required', 'input': {'username': 'foo', 'password': 'bar', 'endpoint': 'https://example.com', 'options': {'datasource': 'sqlite'}}}, {'type': 'missing', 'loc': ('body', 'OpenstackCreate', 'options', 'projectDomainName'), 'msg': 'Field required', 'input': {'datasource': 'sqlite'}}, {'type': 'missing', 'loc': ('body', 'OpenstackCreate', 'options', 'userDomainName'), 'msg': 'Field required', 'input': {'datasource': 'sqlite'}}, {'type': 'missing', 'loc': ('body', 'OpenstackCreate', 'options', 'regionName'), 'msg': 'Field required', 'input': {'datasource': 'sqlite'}}, {'type': 'missing', 'loc': ('body', 'OpenstackCreate', 'options', 'identityApiVersion'), 'msg': 'Field required', 'input': {'datasource': 'sqlite'}}, {'type': 'extra_forbidden', 'loc': ('body', 'OpenstackCreate', 'options', 'datasource'), 'msg': 'Extra inputs are not permitted', 'input': 'sqlite'}, {'type': 'missing', 'loc': ('body', 'SaltstackCreate', 'enabled'), 'msg': 'Field required', 'input': {'username': 'foo', 'password': 'bar', 'endpoint': 'https://example.com', 'options': {'datasource': 'sqlite'}}}, {'type': 'missing', 'loc': ('body', 'SaltstackCreate', 'options', 'hostname'), 'msg': 'Field required', 'input': {'datasource': 'sqlite'}}, {'type': 'extra_forbidden', 'loc': ('body', 'SaltstackCreate', 'options', 'datasource'), 'msg': 'Extra inputs are not permitted', 'input': 'sqlite'}, {'type': 'missing', 'loc': ('body', 'GuacamoleCreate', 'enabled'), 'msg': 'Field required', 'input': {'username': 'foo', 'password': 'bar', 'endpoint': 'https://example.com', 'options': {'datasource': 'sqlite'}}}]
[ 2025-04-21 17:24:39,842 | INFO  ] - The API responsed to request unknown in [italic]0.752s[/italic] with a HTTP [bold]422[/bold] to the client. (@api.requests->request_logger.py:54)
[ 2025-04-21 17:25:39,950 | INFO  ] - Shutting down API, disconnecting Redis Connection... (@api->app_builder.py:56)
[ 2025-04-21 17:25:39,962 | INFO  ] - Redis disconnected, ending API shutdown. (@api->app_builder.py:60)
[ 2025-04-21 17:25:42,776 | INFO  ] - 

Logging setup complete

 (@api->core.py:57)
[ 2025-04-21 17:25:42,796 | INFO  ] - API instance created.
 (@api->main.py:35)
[ 2025-04-21 17:25:42,799 | WARNING ] - API documentation is enabled: [bold red]Disable in production[/bold red] (@api->main.py:41)
[ 2025-04-21 17:25:42,801 | INFO  ] - Adding middleware to API... (@api->main.py:52)
[ 2025-04-21 17:25:42,802 | INFO  ] - 
Middleware setup complete, adding exception handlers to API
 (@api->main.py:56)
[ 2025-04-21 17:25:42,804 | INFO  ] - Exception handlers setup complete, initializing API routes.
 (@api->main.py:61)
[ 2025-04-21 17:25:44,251 | INFO  ] - API routes initialized, API setup complete.
 (@api->main.py:65)
[ 2025-04-21 17:25:44,257 | INFO  ] - Connecting to database... (@api->app_builder.py:44)
[ 2025-04-21 17:25:44,326 | INFO  ] - Database connected, connecting to redis... (@api->app_builder.py:48)
[ 2025-04-21 17:25:44,339 | INFO  ] - Redis connected, API startup finished. (@api->app_builder.py:52)
[ 2025-04-21 17:25:52,488 | INFO  ] - Inbound HTTP POST Request @/datasources/guacamole/ from client 127.0.0.1 (request_id=7bebbd1c-9939-44a2-aa7a-c3eeb6a952e7) (@api.requests->request_logger.py:45)
[ 2025-04-21 17:25:52,543 | WARNING ] - A client sent invalid data and a Validation Error occured. (@api.middleware->exc_handlers.py:116)
Traceback (most recent call last):
  File "C:\Users\Beast\Desktop\Work\projs\range_monitor_api\range_mon_2\cyber-range-monitor-v-2\backend\.venv\Lib\site-packages\starlette\_exception_handler.py", line 42, in wrapped_app
    await app(scope, receive, sender)
  File "C:\Users\Beast\Desktop\Work\projs\range_monitor_api\range_mon_2\cyber-range-monitor-v-2\backend\.venv\Lib\site-packages\starlette\routing.py", line 73, in app
    response = await f(request)
               ^^^^^^^^^^^^^^^^
  File "C:\Users\Beast\Desktop\Work\projs\range_monitor_api\range_mon_2\cyber-range-monitor-v-2\backend\.venv\Lib\site-packages\fastapi\routing.py", line 346, in app
    raise validation_error
fastapi.exceptions.RequestValidationError: [{'type': 'missing', 'loc': ('body', 'OpenstackCreate', 'enabled'), 'msg': 'Field required', 'input': {'username': 'foo', 'password': 'bar', 'endpoint': 'https://example.com', 'options': {'datasource': 'sqlite'}}}, {'type': 'missing', 'loc': ('body', 'OpenstackCreate', 'options', 'projectDomainName'), 'msg': 'Field required', 'input': {'datasource': 'sqlite'}}, {'type': 'missing', 'loc': ('body', 'OpenstackCreate', 'options', 'userDomainName'), 'msg': 'Field required', 'input': {'datasource': 'sqlite'}}, {'type': 'missing', 'loc': ('body', 'OpenstackCreate', 'options', 'regionName'), 'msg': 'Field required', 'input': {'datasource': 'sqlite'}}, {'type': 'missing', 'loc': ('body', 'OpenstackCreate', 'options', 'identityApiVersion'), 'msg': 'Field required', 'input': {'datasource': 'sqlite'}}, {'type': 'extra_forbidden', 'loc': ('body', 'OpenstackCreate', 'options', 'datasource'), 'msg': 'Extra inputs are not permitted', 'input': 'sqlite'}, {'type': 'missing', 'loc': ('body', 'SaltstackCreate', 'enabled'), 'msg': 'Field required', 'input': {'username': 'foo', 'password': 'bar', 'endpoint': 'https://example.com', 'options': {'datasource': 'sqlite'}}}, {'type': 'missing', 'loc': ('body', 'SaltstackCreate', 'options', 'hostname'), 'msg': 'Field required', 'input': {'datasource': 'sqlite'}}, {'type': 'extra_forbidden', 'loc': ('body', 'SaltstackCreate', 'options', 'datasource'), 'msg': 'Extra inputs are not permitted', 'input': 'sqlite'}, {'type': 'missing', 'loc': ('body', 'GuacamoleCreate', 'enabled'), 'msg': 'Field required', 'input': {'username': 'foo', 'password': 'bar', 'endpoint': 'https://example.com', 'options': {'datasource': 'sqlite'}}}]
[ 2025-04-21 17:25:53,607 | INFO  ] - The API responsed to request unknown in [italic]1.115s[/italic] with a HTTP [bold]422[/bold] to the client. (@api.requests->request_logger.py:54)
[ 2025-04-21 17:28:42,731 | INFO  ] - Shutting down API, disconnecting Redis Connection... (@api->app_builder.py:56)
[ 2025-04-21 17:28:42,747 | INFO  ] - Redis disconnected, ending API shutdown. (@api->app_builder.py:60)
[ 2025-04-21 17:28:45,734 | INFO  ] - 

Logging setup complete

 (@api->core.py:57)
[ 2025-04-21 17:28:45,745 | INFO  ] - API instance created.
 (@api->main.py:35)
[ 2025-04-21 17:28:45,748 | WARNING ] - API documentation is enabled: [bold red]Disable in production[/bold red] (@api->main.py:41)
[ 2025-04-21 17:28:45,750 | INFO  ] - Adding middleware to API... (@api->main.py:52)
[ 2025-04-21 17:28:45,751 | INFO  ] - 
Middleware setup complete, adding exception handlers to API
 (@api->main.py:56)
[ 2025-04-21 17:28:45,752 | INFO  ] - Exception handlers setup complete, initializing API routes.
 (@api->main.py:61)
[ 2025-04-21 17:28:47,170 | INFO  ] - API routes initialized, API setup complete.
 (@api->main.py:65)
[ 2025-04-21 17:28:47,177 | INFO  ] - Connecting to database... (@api->app_builder.py:44)
[ 2025-04-21 17:28:47,250 | INFO  ] - Database connected, connecting to redis... (@api->app_builder.py:48)
[ 2025-04-21 17:28:47,264 | INFO  ] - Redis connected, API startup finished. (@api->app_builder.py:52)
[ 2025-04-21 17:28:49,668 | INFO  ] - Inbound HTTP POST Request @/datasources/guacamole/ from client 127.0.0.1 (request_id=ddaa18a1-bc3f-49ef-8f1f-068b492da1e9) (@api.requests->request_logger.py:45)
[ 2025-04-21 17:28:49,737 | WARNING ] - A client sent invalid data and a Validation Error occured. (@api.middleware->exc_handlers.py:116)
Traceback (most recent call last):
  File "C:\Users\Beast\Desktop\Work\projs\range_monitor_api\range_mon_2\cyber-range-monitor-v-2\backend\.venv\Lib\site-packages\starlette\_exception_handler.py", line 42, in wrapped_app
    await app(scope, receive, sender)
  File "C:\Users\Beast\Desktop\Work\projs\range_monitor_api\range_mon_2\cyber-range-monitor-v-2\backend\.venv\Lib\site-packages\starlette\routing.py", line 73, in app
    response = await f(request)
               ^^^^^^^^^^^^^^^^
  File "C:\Users\Beast\Desktop\Work\projs\range_monitor_api\range_mon_2\cyber-range-monitor-v-2\backend\.venv\Lib\site-packages\fastapi\routing.py", line 346, in app
    raise validation_error
fastapi.exceptions.RequestValidationError: [{'type': 'missing', 'loc': ('body', 'OpenstackCreate', 'enabled'), 'msg': 'Field required', 'input': {'username': 'foo', 'password': 'bar', 'endpoint': 'https://example.com', 'options': {'datasource': 'sqlite'}}}, {'type': 'missing', 'loc': ('body', 'OpenstackCreate', 'options', 'projectDomainName'), 'msg': 'Field required', 'input': {'datasource': 'sqlite'}}, {'type': 'missing', 'loc': ('body', 'OpenstackCreate', 'options', 'userDomainName'), 'msg': 'Field required', 'input': {'datasource': 'sqlite'}}, {'type': 'missing', 'loc': ('body', 'OpenstackCreate', 'options', 'regionName'), 'msg': 'Field required', 'input': {'datasource': 'sqlite'}}, {'type': 'missing', 'loc': ('body', 'OpenstackCreate', 'options', 'identityApiVersion'), 'msg': 'Field required', 'input': {'datasource': 'sqlite'}}, {'type': 'extra_forbidden', 'loc': ('body', 'OpenstackCreate', 'options', 'datasource'), 'msg': 'Extra inputs are not permitted', 'input': 'sqlite'}, {'type': 'missing', 'loc': ('body', 'SaltstackCreate', 'enabled'), 'msg': 'Field required', 'input': {'username': 'foo', 'password': 'bar', 'endpoint': 'https://example.com', 'options': {'datasource': 'sqlite'}}}, {'type': 'missing', 'loc': ('body', 'SaltstackCreate', 'options', 'hostname'), 'msg': 'Field required', 'input': {'datasource': 'sqlite'}}, {'type': 'extra_forbidden', 'loc': ('body', 'SaltstackCreate', 'options', 'datasource'), 'msg': 'Extra inputs are not permitted', 'input': 'sqlite'}, {'type': 'missing', 'loc': ('body', 'GuacamoleCreate', 'enabled'), 'msg': 'Field required', 'input': {'username': 'foo', 'password': 'bar', 'endpoint': 'https://example.com', 'options': {'datasource': 'sqlite'}}}]
[ 2025-04-21 17:28:50,348 | INFO  ] - The API responsed to request unknown in [italic]0.681s[/italic] with a HTTP [bold]422[/bold] to the client. (@api.requests->request_logger.py:54)
[ 2025-04-21 17:30:34,832 | INFO  ] - Shutting down API, disconnecting Redis Connection... (@api->app_builder.py:56)
[ 2025-04-21 17:30:34,841 | INFO  ] - Redis disconnected, ending API shutdown. (@api->app_builder.py:60)
[ 2025-04-21 17:30:37,657 | INFO  ] - 

Logging setup complete

 (@api->core.py:57)
[ 2025-04-21 17:30:37,668 | INFO  ] - API instance created.
 (@api->main.py:35)
[ 2025-04-21 17:30:37,670 | WARNING ] - API documentation is enabled: [bold red]Disable in production[/bold red] (@api->main.py:41)
[ 2025-04-21 17:30:37,671 | INFO  ] - Adding middleware to API... (@api->main.py:52)
[ 2025-04-21 17:30:37,672 | INFO  ] - 
Middleware setup complete, adding exception handlers to API
 (@api->main.py:56)
[ 2025-04-21 17:30:37,673 | INFO  ] - Exception handlers setup complete, initializing API routes.
 (@api->main.py:61)
[ 2025-04-21 17:30:39,048 | INFO  ] - API routes initialized, API setup complete.
 (@api->main.py:65)
[ 2025-04-21 17:30:39,053 | INFO  ] - Connecting to database... (@api->app_builder.py:44)
[ 2025-04-21 17:30:39,115 | INFO  ] - Database connected, connecting to redis... (@api->app_builder.py:48)
[ 2025-04-21 17:30:39,126 | INFO  ] - Redis connected, API startup finished. (@api->app_builder.py:52)
