[ 2025-04-21 17:01:49,227 | WARNING ] - HTTP Error 406 | @/auth/ [POST] - The user provided an invalid redis key which was rejected due to injection concerns. (@api.middleware->exc_handlers.py:42)
Traceback (most recent call last):
  File "C:\Users\Beast\Desktop\Work\projs\range_monitor_api\range_mon_2\cyber-range-monitor-v-2\backend\.venv\Lib\site-packages\starlette\_exception_handler.py", line 42, in wrapped_app
    await app(scope, receive, sender)
  File "C:\Users\Beast\Desktop\Work\projs\range_monitor_api\range_mon_2\cyber-range-monitor-v-2\backend\.venv\Lib\site-packages\starlette\routing.py", line 73, in app
    response = await f(request)
               ^^^^^^^^^^^^^^^^
  File "C:\Users\Beast\Desktop\Work\projs\range_monitor_api\range_mon_2\cyber-range-monitor-v-2\backend\.venv\Lib\site-packages\fastapi\routing.py", line 301, in app
    raw_response = await run_endpoint_function(
                   ^^^^^^^^^^^^^^^^^^^^^^^^^^^^
  File "C:\Users\Beast\Desktop\Work\projs\range_monitor_api\range_mon_2\cyber-range-monitor-v-2\backend\.venv\Lib\site-packages\fastapi\routing.py", line 212, in run_endpoint_function
    return await dependant.call(**values)
           ^^^^^^^^^^^^^^^^^^^^^^^^^^^^^^
  File "C:\Users\Beast\Desktop\Work\projs\range_monitor_api\range_mon_2\cyber-range-monitor-v-2\backend\app\domains\auth\router.py", line 70, in login
    api_key = await key_provider.assign_key(
              ^^^^^^^^^^^^^^^^^^^^^^^^^^^^^^
  File "C:\Users\Beast\Desktop\Work\projs\range_monitor_api\range_mon_2\cyber-range-monitor-v-2\backend\app\domains\auth\service.py", line 61, in assign_key
    signed_key = await self._key_store.create_and_store(
                 ^^^^^^^^^^^^^^^^^^^^^^^^^^^^^^^^^^^^^^^
  File "C:\Users\Beast\Desktop\Work\projs\range_monitor_api\range_mon_2\cyber-range-monitor-v-2\backend\app\domains\auth\api_key_store.py", line 52, in create_and_store
    await self._client.set(unsigned_key, enc_payload, ex=ex)
  File "C:\Users\Beast\Desktop\Work\projs\range_monitor_api\range_mon_2\cyber-range-monitor-v-2\backend\app\redis\client.py", line 45, in set
    safe_key = RedisKey(key, self.key_prefix)
               ^^^^^^^^^^^^^^^^^^^^^^^^^^^^^^
  File "C:\Users\Beast\Desktop\Work\projs\range_monitor_api\range_mon_2\cyber-range-monitor-v-2\backend\app\redis\keys.py", line 42, in __new__
    val = validate_key_input(value)
          ^^^^^^^^^^^^^^^^^^^^^^^^^
  File "C:\Users\Beast\Desktop\Work\projs\range_monitor_api\range_mon_2\cyber-range-monitor-v-2\backend\app\redis\keys.py", line 29, in validate_key_input
    raise InvalidRedisKey()
app.redis.errors.InvalidRedisKey: 406: The user provided an invalid redis key which was rejected due to injection concerns.
[ 2025-04-21 17:14:46,649 | WARNING ] - A client sent invalid data and a Validation Error occured. (@api.middleware->exc_handlers.py:116)
Traceback (most recent call last):
  File "C:\Users\Beast\Desktop\Work\projs\range_monitor_api\range_mon_2\cyber-range-monitor-v-2\backend\.venv\Lib\site-packages\starlette\_exception_handler.py", line 42, in wrapped_app
    await app(scope, receive, sender)
  File "C:\Users\Beast\Desktop\Work\projs\range_monitor_api\range_mon_2\cyber-range-monitor-v-2\backend\.venv\Lib\site-packages\starlette\routing.py", line 73, in app
    response = await f(request)
               ^^^^^^^^^^^^^^^^
  File "C:\Users\Beast\Desktop\Work\projs\range_monitor_api\range_mon_2\cyber-range-monitor-v-2\backend\.venv\Lib\site-packages\fastapi\routing.py", line 346, in app
    raise validation_error
fastapi.exceptions.RequestValidationError: [{'type': 'missing', 'loc': ('body', 'OpenstackCreate', 'enabled'), 'msg': 'Field required', 'input': {'username': 'foo', 'password': 'bar', 'endpoint': 'https://example.com', 'options': {'datasource': 'sqlite', 'foo': 'bar'}}}, {'type': 'missing', 'loc': ('body', 'OpenstackCreate', 'options', 'projectDomainName'), 'msg': 'Field required', 'input': {'datasource': 'sqlite', 'foo': 'bar'}}, {'type': 'missing', 'loc': ('body', 'OpenstackCreate', 'options', 'userDomainName'), 'msg': 'Field required', 'input': {'datasource': 'sqlite', 'foo': 'bar'}}, {'type': 'missing', 'loc': ('body', 'OpenstackCreate', 'options', 'regionName'), 'msg': 'Field required', 'input': {'datasource': 'sqlite', 'foo': 'bar'}}, {'type': 'missing', 'loc': ('body', 'OpenstackCreate', 'options', 'identityApiVersion'), 'msg': 'Field required', 'input': {'datasource': 'sqlite', 'foo': 'bar'}}, {'type': 'extra_forbidden', 'loc': ('body', 'OpenstackCreate', 'options', 'datasource'), 'msg': 'Extra inputs are not permitted', 'input': 'sqlite'}, {'type': 'extra_forbidden', 'loc': ('body', 'OpenstackCreate', 'options', 'foo'), 'msg': 'Extra inputs are not permitted', 'input': 'bar'}, {'type': 'missing', 'loc': ('body', 'SaltstackCreate', 'enabled'), 'msg': 'Field required', 'input': {'username': 'foo', 'password': 'bar', 'endpoint': 'https://example.com', 'options': {'datasource': 'sqlite', 'foo': 'bar'}}}, {'type': 'missing', 'loc': ('body', 'SaltstackCreate', 'options', 'hostname'), 'msg': 'Field required', 'input': {'datasource': 'sqlite', 'foo': 'bar'}}, {'type': 'extra_forbidden', 'loc': ('body', 'SaltstackCreate', 'options', 'datasource'), 'msg': 'Extra inputs are not permitted', 'input': 'sqlite'}, {'type': 'extra_forbidden', 'loc': ('body', 'SaltstackCreate', 'options', 'foo'), 'msg': 'Extra inputs are not permitted', 'input': 'bar'}, {'type': 'missing', 'loc': ('body', 'GuacamoleCreate', 'enabled'), 'msg': 'Field required', 'input': {'username': 'foo', 'password': 'bar', 'endpoint': 'https://example.com', 'options': {'datasource': 'sqlite', 'foo': 'bar'}}}, {'type': 'extra_forbidden', 'loc': ('body', 'GuacamoleCreate', 'options', 'foo'), 'msg': 'Extra inputs are not permitted', 'input': 'bar'}]
[ 2025-04-21 17:15:16,278 | WARNING ] - A client sent invalid data and a Validation Error occured. (@api.middleware->exc_handlers.py:116)
Traceback (most recent call last):
  File "C:\Users\Beast\Desktop\Work\projs\range_monitor_api\range_mon_2\cyber-range-monitor-v-2\backend\.venv\Lib\site-packages\starlette\_exception_handler.py", line 42, in wrapped_app
    await app(scope, receive, sender)
  File "C:\Users\Beast\Desktop\Work\projs\range_monitor_api\range_mon_2\cyber-range-monitor-v-2\backend\.venv\Lib\site-packages\starlette\routing.py", line 73, in app
    response = await f(request)
               ^^^^^^^^^^^^^^^^
  File "C:\Users\Beast\Desktop\Work\projs\range_monitor_api\range_mon_2\cyber-range-monitor-v-2\backend\.venv\Lib\site-packages\fastapi\routing.py", line 346, in app
    raise validation_error
fastapi.exceptions.RequestValidationError: [{'type': 'missing', 'loc': ('body', 'OpenstackCreate', 'enabled'), 'msg': 'Field required', 'input': {'username': 'foo', 'password': 'bar', 'endpoint': 'https://example.com', 'options': {'datasource': 'sqlite'}}}, {'type': 'missing', 'loc': ('body', 'OpenstackCreate', 'options', 'projectDomainName'), 'msg': 'Field required', 'input': {'datasource': 'sqlite'}}, {'type': 'missing', 'loc': ('body', 'OpenstackCreate', 'options', 'userDomainName'), 'msg': 'Field required', 'input': {'datasource': 'sqlite'}}, {'type': 'missing', 'loc': ('body', 'OpenstackCreate', 'options', 'regionName'), 'msg': 'Field required', 'input': {'datasource': 'sqlite'}}, {'type': 'missing', 'loc': ('body', 'OpenstackCreate', 'options', 'identityApiVersion'), 'msg': 'Field required', 'input': {'datasource': 'sqlite'}}, {'type': 'extra_forbidden', 'loc': ('body', 'OpenstackCreate', 'options', 'datasource'), 'msg': 'Extra inputs are not permitted', 'input': 'sqlite'}, {'type': 'missing', 'loc': ('body', 'SaltstackCreate', 'enabled'), 'msg': 'Field required', 'input': {'username': 'foo', 'password': 'bar', 'endpoint': 'https://example.com', 'options': {'datasource': 'sqlite'}}}, {'type': 'missing', 'loc': ('body', 'SaltstackCreate', 'options', 'hostname'), 'msg': 'Field required', 'input': {'datasource': 'sqlite'}}, {'type': 'extra_forbidden', 'loc': ('body', 'SaltstackCreate', 'options', 'datasource'), 'msg': 'Extra inputs are not permitted', 'input': 'sqlite'}, {'type': 'missing', 'loc': ('body', 'GuacamoleCreate', 'enabled'), 'msg': 'Field required', 'input': {'username': 'foo', 'password': 'bar', 'endpoint': 'https://example.com', 'options': {'datasource': 'sqlite'}}}]
[ 2025-04-21 17:19:38,557 | WARNING ] - A client sent invalid data and a Validation Error occured. (@api.middleware->exc_handlers.py:116)
Traceback (most recent call last):
  File "C:\Users\Beast\Desktop\Work\projs\range_monitor_api\range_mon_2\cyber-range-monitor-v-2\backend\.venv\Lib\site-packages\starlette\_exception_handler.py", line 42, in wrapped_app
    await app(scope, receive, sender)
  File "C:\Users\Beast\Desktop\Work\projs\range_monitor_api\range_mon_2\cyber-range-monitor-v-2\backend\.venv\Lib\site-packages\starlette\routing.py", line 73, in app
    response = await f(request)
               ^^^^^^^^^^^^^^^^
  File "C:\Users\Beast\Desktop\Work\projs\range_monitor_api\range_mon_2\cyber-range-monitor-v-2\backend\.venv\Lib\site-packages\fastapi\routing.py", line 346, in app
    raise validation_error
fastapi.exceptions.RequestValidationError: [{'type': 'missing', 'loc': ('body', 'OpenstackCreate', 'enabled'), 'msg': 'Field required', 'input': {'username': 'foo', 'password': 'bar', 'endpoint': 'https://example.com', 'options': {'datasource': 'sqlite'}}}, {'type': 'missing', 'loc': ('body', 'OpenstackCreate', 'options', 'projectDomainName'), 'msg': 'Field required', 'input': {'datasource': 'sqlite'}}, {'type': 'missing', 'loc': ('body', 'OpenstackCreate', 'options', 'userDomainName'), 'msg': 'Field required', 'input': {'datasource': 'sqlite'}}, {'type': 'missing', 'loc': ('body', 'OpenstackCreate', 'options', 'regionName'), 'msg': 'Field required', 'input': {'datasource': 'sqlite'}}, {'type': 'missing', 'loc': ('body', 'OpenstackCreate', 'options', 'identityApiVersion'), 'msg': 'Field required', 'input': {'datasource': 'sqlite'}}, {'type': 'extra_forbidden', 'loc': ('body', 'OpenstackCreate', 'options', 'datasource'), 'msg': 'Extra inputs are not permitted', 'input': 'sqlite'}, {'type': 'missing', 'loc': ('body', 'SaltstackCreate', 'enabled'), 'msg': 'Field required', 'input': {'username': 'foo', 'password': 'bar', 'endpoint': 'https://example.com', 'options': {'datasource': 'sqlite'}}}, {'type': 'missing', 'loc': ('body', 'SaltstackCreate', 'options', 'hostname'), 'msg': 'Field required', 'input': {'datasource': 'sqlite'}}, {'type': 'extra_forbidden', 'loc': ('body', 'SaltstackCreate', 'options', 'datasource'), 'msg': 'Extra inputs are not permitted', 'input': 'sqlite'}, {'type': 'missing', 'loc': ('body', 'GuacamoleCreate', 'enabled'), 'msg': 'Field required', 'input': {'username': 'foo', 'password': 'bar', 'endpoint': 'https://example.com', 'options': {'datasource': 'sqlite'}}}]
[ 2025-04-21 17:20:04,163 | WARNING ] - A client sent invalid data and a Validation Error occured. (@api.middleware->exc_handlers.py:116)
Traceback (most recent call last):
  File "C:\Users\Beast\Desktop\Work\projs\range_monitor_api\range_mon_2\cyber-range-monitor-v-2\backend\.venv\Lib\site-packages\starlette\_exception_handler.py", line 42, in wrapped_app
    await app(scope, receive, sender)
  File "C:\Users\Beast\Desktop\Work\projs\range_monitor_api\range_mon_2\cyber-range-monitor-v-2\backend\.venv\Lib\site-packages\starlette\routing.py", line 73, in app
    response = await f(request)
               ^^^^^^^^^^^^^^^^
  File "C:\Users\Beast\Desktop\Work\projs\range_monitor_api\range_mon_2\cyber-range-monitor-v-2\backend\.venv\Lib\site-packages\fastapi\routing.py", line 346, in app
    raise validation_error
fastapi.exceptions.RequestValidationError: [{'type': 'missing', 'loc': ('body', 'OpenstackCreate', 'enabled'), 'msg': 'Field required', 'input': {'username': 'foo', 'password': 'bar', 'endpoint': 'https://example.com', 'options': {'datasource': 'sqlite'}}}, {'type': 'missing', 'loc': ('body', 'OpenstackCreate', 'options', 'projectDomainName'), 'msg': 'Field required', 'input': {'datasource': 'sqlite'}}, {'type': 'missing', 'loc': ('body', 'OpenstackCreate', 'options', 'userDomainName'), 'msg': 'Field required', 'input': {'datasource': 'sqlite'}}, {'type': 'missing', 'loc': ('body', 'OpenstackCreate', 'options', 'regionName'), 'msg': 'Field required', 'input': {'datasource': 'sqlite'}}, {'type': 'missing', 'loc': ('body', 'OpenstackCreate', 'options', 'identityApiVersion'), 'msg': 'Field required', 'input': {'datasource': 'sqlite'}}, {'type': 'extra_forbidden', 'loc': ('body', 'OpenstackCreate', 'options', 'datasource'), 'msg': 'Extra inputs are not permitted', 'input': 'sqlite'}, {'type': 'missing', 'loc': ('body', 'SaltstackCreate', 'enabled'), 'msg': 'Field required', 'input': {'username': 'foo', 'password': 'bar', 'endpoint': 'https://example.com', 'options': {'datasource': 'sqlite'}}}, {'type': 'missing', 'loc': ('body', 'SaltstackCreate', 'options', 'hostname'), 'msg': 'Field required', 'input': {'datasource': 'sqlite'}}, {'type': 'extra_forbidden', 'loc': ('body', 'SaltstackCreate', 'options', 'datasource'), 'msg': 'Extra inputs are not permitted', 'input': 'sqlite'}, {'type': 'missing', 'loc': ('body', 'GuacamoleCreate', 'enabled'), 'msg': 'Field required', 'input': {'username': 'foo', 'password': 'bar', 'endpoint': 'https://example.com', 'options': {'datasource': 'sqlite'}}}]
[ 2025-04-21 17:21:22,294 | WARNING ] - A client sent invalid data and a Validation Error occured. (@api.middleware->exc_handlers.py:116)
Traceback (most recent call last):
  File "C:\Users\Beast\Desktop\Work\projs\range_monitor_api\range_mon_2\cyber-range-monitor-v-2\backend\.venv\Lib\site-packages\starlette\_exception_handler.py", line 42, in wrapped_app
    await app(scope, receive, sender)
  File "C:\Users\Beast\Desktop\Work\projs\range_monitor_api\range_mon_2\cyber-range-monitor-v-2\backend\.venv\Lib\site-packages\starlette\routing.py", line 73, in app
    response = await f(request)
               ^^^^^^^^^^^^^^^^
  File "C:\Users\Beast\Desktop\Work\projs\range_monitor_api\range_mon_2\cyber-range-monitor-v-2\backend\.venv\Lib\site-packages\fastapi\routing.py", line 346, in app
    raise validation_error
fastapi.exceptions.RequestValidationError: [{'type': 'missing', 'loc': ('body', 'OpenstackCreate', 'enabled'), 'msg': 'Field required', 'input': {'username': 'foo', 'password': 'bar', 'endpoint': 'https://example.com', 'options': {'datasource': 'sqlite'}}}, {'type': 'missing', 'loc': ('body', 'OpenstackCreate', 'options', 'projectDomainName'), 'msg': 'Field required', 'input': {'datasource': 'sqlite'}}, {'type': 'missing', 'loc': ('body', 'OpenstackCreate', 'options', 'userDomainName'), 'msg': 'Field required', 'input': {'datasource': 'sqlite'}}, {'type': 'missing', 'loc': ('body', 'OpenstackCreate', 'options', 'regionName'), 'msg': 'Field required', 'input': {'datasource': 'sqlite'}}, {'type': 'missing', 'loc': ('body', 'OpenstackCreate', 'options', 'identityApiVersion'), 'msg': 'Field required', 'input': {'datasource': 'sqlite'}}, {'type': 'extra_forbidden', 'loc': ('body', 'OpenstackCreate', 'options', 'datasource'), 'msg': 'Extra inputs are not permitted', 'input': 'sqlite'}, {'type': 'missing', 'loc': ('body', 'SaltstackCreate', 'enabled'), 'msg': 'Field required', 'input': {'username': 'foo', 'password': 'bar', 'endpoint': 'https://example.com', 'options': {'datasource': 'sqlite'}}}, {'type': 'missing', 'loc': ('body', 'SaltstackCreate', 'options', 'hostname'), 'msg': 'Field required', 'input': {'datasource': 'sqlite'}}, {'type': 'extra_forbidden', 'loc': ('body', 'SaltstackCreate', 'options', 'datasource'), 'msg': 'Extra inputs are not permitted', 'input': 'sqlite'}, {'type': 'missing', 'loc': ('body', 'GuacamoleCreate', 'enabled'), 'msg': 'Field required', 'input': {'username': 'foo', 'password': 'bar', 'endpoint': 'https://example.com', 'options': {'datasource': 'sqlite'}}}]
[ 2025-04-21 17:24:39,127 | WARNING ] - A client sent invalid data and a Validation Error occured. (@api.middleware->exc_handlers.py:116)
Traceback (most recent call last):
  File "C:\Users\Beast\Desktop\Work\projs\range_monitor_api\range_mon_2\cyber-range-monitor-v-2\backend\.venv\Lib\site-packages\starlette\_exception_handler.py", line 42, in wrapped_app
    await app(scope, receive, sender)
  File "C:\Users\Beast\Desktop\Work\projs\range_monitor_api\range_mon_2\cyber-range-monitor-v-2\backend\.venv\Lib\site-packages\starlette\routing.py", line 73, in app
    response = await f(request)
               ^^^^^^^^^^^^^^^^
  File "C:\Users\Beast\Desktop\Work\projs\range_monitor_api\range_mon_2\cyber-range-monitor-v-2\backend\.venv\Lib\site-packages\fastapi\routing.py", line 346, in app
    raise validation_error
fastapi.exceptions.RequestValidationError: [{'type': 'missing', 'loc': ('body', 'OpenstackCreate', 'enabled'), 'msg': 'Field required', 'input': {'username': 'foo', 'password': 'bar', 'endpoint': 'https://example.com', 'options': {'datasource': 'sqlite'}}}, {'type': 'missing', 'loc': ('body', 'OpenstackCreate', 'options', 'projectDomainName'), 'msg': 'Field required', 'input': {'datasource': 'sqlite'}}, {'type': 'missing', 'loc': ('body', 'OpenstackCreate', 'options', 'userDomainName'), 'msg': 'Field required', 'input': {'datasource': 'sqlite'}}, {'type': 'missing', 'loc': ('body', 'OpenstackCreate', 'options', 'regionName'), 'msg': 'Field required', 'input': {'datasource': 'sqlite'}}, {'type': 'missing', 'loc': ('body', 'OpenstackCreate', 'options', 'identityApiVersion'), 'msg': 'Field required', 'input': {'datasource': 'sqlite'}}, {'type': 'extra_forbidden', 'loc': ('body', 'OpenstackCreate', 'options', 'datasource'), 'msg': 'Extra inputs are not permitted', 'input': 'sqlite'}, {'type': 'missing', 'loc': ('body', 'SaltstackCreate', 'enabled'), 'msg': 'Field required', 'input': {'username': 'foo', 'password': 'bar', 'endpoint': 'https://example.com', 'options': {'datasource': 'sqlite'}}}, {'type': 'missing', 'loc': ('body', 'SaltstackCreate', 'options', 'hostname'), 'msg': 'Field required', 'input': {'datasource': 'sqlite'}}, {'type': 'extra_forbidden', 'loc': ('body', 'SaltstackCreate', 'options', 'datasource'), 'msg': 'Extra inputs are not permitted', 'input': 'sqlite'}, {'type': 'missing', 'loc': ('body', 'GuacamoleCreate', 'enabled'), 'msg': 'Field required', 'input': {'username': 'foo', 'password': 'bar', 'endpoint': 'https://example.com', 'options': {'datasource': 'sqlite'}}}]
[ 2025-04-21 17:25:52,543 | WARNING ] - A client sent invalid data and a Validation Error occured. (@api.middleware->exc_handlers.py:116)
Traceback (most recent call last):
  File "C:\Users\Beast\Desktop\Work\projs\range_monitor_api\range_mon_2\cyber-range-monitor-v-2\backend\.venv\Lib\site-packages\starlette\_exception_handler.py", line 42, in wrapped_app
    await app(scope, receive, sender)
  File "C:\Users\Beast\Desktop\Work\projs\range_monitor_api\range_mon_2\cyber-range-monitor-v-2\backend\.venv\Lib\site-packages\starlette\routing.py", line 73, in app
    response = await f(request)
               ^^^^^^^^^^^^^^^^
  File "C:\Users\Beast\Desktop\Work\projs\range_monitor_api\range_mon_2\cyber-range-monitor-v-2\backend\.venv\Lib\site-packages\fastapi\routing.py", line 346, in app
    raise validation_error
fastapi.exceptions.RequestValidationError: [{'type': 'missing', 'loc': ('body', 'OpenstackCreate', 'enabled'), 'msg': 'Field required', 'input': {'username': 'foo', 'password': 'bar', 'endpoint': 'https://example.com', 'options': {'datasource': 'sqlite'}}}, {'type': 'missing', 'loc': ('body', 'OpenstackCreate', 'options', 'projectDomainName'), 'msg': 'Field required', 'input': {'datasource': 'sqlite'}}, {'type': 'missing', 'loc': ('body', 'OpenstackCreate', 'options', 'userDomainName'), 'msg': 'Field required', 'input': {'datasource': 'sqlite'}}, {'type': 'missing', 'loc': ('body', 'OpenstackCreate', 'options', 'regionName'), 'msg': 'Field required', 'input': {'datasource': 'sqlite'}}, {'type': 'missing', 'loc': ('body', 'OpenstackCreate', 'options', 'identityApiVersion'), 'msg': 'Field required', 'input': {'datasource': 'sqlite'}}, {'type': 'extra_forbidden', 'loc': ('body', 'OpenstackCreate', 'options', 'datasource'), 'msg': 'Extra inputs are not permitted', 'input': 'sqlite'}, {'type': 'missing', 'loc': ('body', 'SaltstackCreate', 'enabled'), 'msg': 'Field required', 'input': {'username': 'foo', 'password': 'bar', 'endpoint': 'https://example.com', 'options': {'datasource': 'sqlite'}}}, {'type': 'missing', 'loc': ('body', 'SaltstackCreate', 'options', 'hostname'), 'msg': 'Field required', 'input': {'datasource': 'sqlite'}}, {'type': 'extra_forbidden', 'loc': ('body', 'SaltstackCreate', 'options', 'datasource'), 'msg': 'Extra inputs are not permitted', 'input': 'sqlite'}, {'type': 'missing', 'loc': ('body', 'GuacamoleCreate', 'enabled'), 'msg': 'Field required', 'input': {'username': 'foo', 'password': 'bar', 'endpoint': 'https://example.com', 'options': {'datasource': 'sqlite'}}}]
[ 2025-04-21 17:28:49,737 | WARNING ] - A client sent invalid data and a Validation Error occured. (@api.middleware->exc_handlers.py:116)
Traceback (most recent call last):
  File "C:\Users\Beast\Desktop\Work\projs\range_monitor_api\range_mon_2\cyber-range-monitor-v-2\backend\.venv\Lib\site-packages\starlette\_exception_handler.py", line 42, in wrapped_app
    await app(scope, receive, sender)
  File "C:\Users\Beast\Desktop\Work\projs\range_monitor_api\range_mon_2\cyber-range-monitor-v-2\backend\.venv\Lib\site-packages\starlette\routing.py", line 73, in app
    response = await f(request)
               ^^^^^^^^^^^^^^^^
  File "C:\Users\Beast\Desktop\Work\projs\range_monitor_api\range_mon_2\cyber-range-monitor-v-2\backend\.venv\Lib\site-packages\fastapi\routing.py", line 346, in app
    raise validation_error
fastapi.exceptions.RequestValidationError: [{'type': 'missing', 'loc': ('body', 'OpenstackCreate', 'enabled'), 'msg': 'Field required', 'input': {'username': 'foo', 'password': 'bar', 'endpoint': 'https://example.com', 'options': {'datasource': 'sqlite'}}}, {'type': 'missing', 'loc': ('body', 'OpenstackCreate', 'options', 'projectDomainName'), 'msg': 'Field required', 'input': {'datasource': 'sqlite'}}, {'type': 'missing', 'loc': ('body', 'OpenstackCreate', 'options', 'userDomainName'), 'msg': 'Field required', 'input': {'datasource': 'sqlite'}}, {'type': 'missing', 'loc': ('body', 'OpenstackCreate', 'options', 'regionName'), 'msg': 'Field required', 'input': {'datasource': 'sqlite'}}, {'type': 'missing', 'loc': ('body', 'OpenstackCreate', 'options', 'identityApiVersion'), 'msg': 'Field required', 'input': {'datasource': 'sqlite'}}, {'type': 'extra_forbidden', 'loc': ('body', 'OpenstackCreate', 'options', 'datasource'), 'msg': 'Extra inputs are not permitted', 'input': 'sqlite'}, {'type': 'missing', 'loc': ('body', 'SaltstackCreate', 'enabled'), 'msg': 'Field required', 'input': {'username': 'foo', 'password': 'bar', 'endpoint': 'https://example.com', 'options': {'datasource': 'sqlite'}}}, {'type': 'missing', 'loc': ('body', 'SaltstackCreate', 'options', 'hostname'), 'msg': 'Field required', 'input': {'datasource': 'sqlite'}}, {'type': 'extra_forbidden', 'loc': ('body', 'SaltstackCreate', 'options', 'datasource'), 'msg': 'Extra inputs are not permitted', 'input': 'sqlite'}, {'type': 'missing', 'loc': ('body', 'GuacamoleCreate', 'enabled'), 'msg': 'Field required', 'input': {'username': 'foo', 'password': 'bar', 'endpoint': 'https://example.com', 'options': {'datasource': 'sqlite'}}}]
